Archive member included to satisfy reference by file (symbol)

d:/program files (x86)/atmel/studio/7.0/toolchain/avr8/avr8-gnu-toolchain/bin/../lib/gcc/avr/5.4.0/../../../../avr/lib/avrxmega6\libm.a(addsf3.o)
                              src/maskedChaoticEnc.o (__subsf3)
d:/program files (x86)/atmel/studio/7.0/toolchain/avr8/avr8-gnu-toolchain/bin/../lib/gcc/avr/5.4.0/../../../../avr/lib/avrxmega6\libm.a(addsf3x.o)
                              d:/program files (x86)/atmel/studio/7.0/toolchain/avr8/avr8-gnu-toolchain/bin/../lib/gcc/avr/5.4.0/../../../../avr/lib/avrxmega6\libm.a(addsf3.o) (__addsf3x)
d:/program files (x86)/atmel/studio/7.0/toolchain/avr8/avr8-gnu-toolchain/bin/../lib/gcc/avr/5.4.0/../../../../avr/lib/avrxmega6\libm.a(cmpsf2.o)
                              src/maskedChaoticEnc.o (__ltsf2)
d:/program files (x86)/atmel/studio/7.0/toolchain/avr8/avr8-gnu-toolchain/bin/../lib/gcc/avr/5.4.0/../../../../avr/lib/avrxmega6\libm.a(divsf3.o)
                              src/maskedChaoticEnc.o (__divsf3)
d:/program files (x86)/atmel/studio/7.0/toolchain/avr8/avr8-gnu-toolchain/bin/../lib/gcc/avr/5.4.0/../../../../avr/lib/avrxmega6\libm.a(divsf3x.o)
                              d:/program files (x86)/atmel/studio/7.0/toolchain/avr8/avr8-gnu-toolchain/bin/../lib/gcc/avr/5.4.0/../../../../avr/lib/avrxmega6\libm.a(divsf3.o) (__divsf3x)
d:/program files (x86)/atmel/studio/7.0/toolchain/avr8/avr8-gnu-toolchain/bin/../lib/gcc/avr/5.4.0/../../../../avr/lib/avrxmega6\libm.a(fixunssfsi.o)
                              src/maskedChaoticEnc.o (__fixunssfsi)
d:/program files (x86)/atmel/studio/7.0/toolchain/avr8/avr8-gnu-toolchain/bin/../lib/gcc/avr/5.4.0/../../../../avr/lib/avrxmega6\libm.a(floatsisf.o)
                              src/maskedChaoticEnc.o (__floatunsisf)
d:/program files (x86)/atmel/studio/7.0/toolchain/avr8/avr8-gnu-toolchain/bin/../lib/gcc/avr/5.4.0/../../../../avr/lib/avrxmega6\libm.a(fp_cmp.o)
                              d:/program files (x86)/atmel/studio/7.0/toolchain/avr8/avr8-gnu-toolchain/bin/../lib/gcc/avr/5.4.0/../../../../avr/lib/avrxmega6\libm.a(cmpsf2.o) (__fp_cmp)
d:/program files (x86)/atmel/studio/7.0/toolchain/avr8/avr8-gnu-toolchain/bin/../lib/gcc/avr/5.4.0/../../../../avr/lib/avrxmega6\libm.a(fp_inf.o)
                              d:/program files (x86)/atmel/studio/7.0/toolchain/avr8/avr8-gnu-toolchain/bin/../lib/gcc/avr/5.4.0/../../../../avr/lib/avrxmega6\libm.a(addsf3x.o) (__fp_inf)
d:/program files (x86)/atmel/studio/7.0/toolchain/avr8/avr8-gnu-toolchain/bin/../lib/gcc/avr/5.4.0/../../../../avr/lib/avrxmega6\libm.a(fp_nan.o)
                              d:/program files (x86)/atmel/studio/7.0/toolchain/avr8/avr8-gnu-toolchain/bin/../lib/gcc/avr/5.4.0/../../../../avr/lib/avrxmega6\libm.a(addsf3x.o) (__fp_nan)
d:/program files (x86)/atmel/studio/7.0/toolchain/avr8/avr8-gnu-toolchain/bin/../lib/gcc/avr/5.4.0/../../../../avr/lib/avrxmega6\libm.a(fp_pscA.o)
                              d:/program files (x86)/atmel/studio/7.0/toolchain/avr8/avr8-gnu-toolchain/bin/../lib/gcc/avr/5.4.0/../../../../avr/lib/avrxmega6\libm.a(addsf3x.o) (__fp_pscA)
d:/program files (x86)/atmel/studio/7.0/toolchain/avr8/avr8-gnu-toolchain/bin/../lib/gcc/avr/5.4.0/../../../../avr/lib/avrxmega6\libm.a(fp_pscB.o)
                              d:/program files (x86)/atmel/studio/7.0/toolchain/avr8/avr8-gnu-toolchain/bin/../lib/gcc/avr/5.4.0/../../../../avr/lib/avrxmega6\libm.a(addsf3x.o) (__fp_pscB)
d:/program files (x86)/atmel/studio/7.0/toolchain/avr8/avr8-gnu-toolchain/bin/../lib/gcc/avr/5.4.0/../../../../avr/lib/avrxmega6\libm.a(fp_round.o)
                              d:/program files (x86)/atmel/studio/7.0/toolchain/avr8/avr8-gnu-toolchain/bin/../lib/gcc/avr/5.4.0/../../../../avr/lib/avrxmega6\libm.a(addsf3.o) (__fp_round)
d:/program files (x86)/atmel/studio/7.0/toolchain/avr8/avr8-gnu-toolchain/bin/../lib/gcc/avr/5.4.0/../../../../avr/lib/avrxmega6\libm.a(fp_split3.o)
                              d:/program files (x86)/atmel/studio/7.0/toolchain/avr8/avr8-gnu-toolchain/bin/../lib/gcc/avr/5.4.0/../../../../avr/lib/avrxmega6\libm.a(addsf3x.o) (__fp_split3)
d:/program files (x86)/atmel/studio/7.0/toolchain/avr8/avr8-gnu-toolchain/bin/../lib/gcc/avr/5.4.0/../../../../avr/lib/avrxmega6\libm.a(fp_zero.o)
                              d:/program files (x86)/atmel/studio/7.0/toolchain/avr8/avr8-gnu-toolchain/bin/../lib/gcc/avr/5.4.0/../../../../avr/lib/avrxmega6\libm.a(addsf3x.o) (__fp_zero)
d:/program files (x86)/atmel/studio/7.0/toolchain/avr8/avr8-gnu-toolchain/bin/../lib/gcc/avr/5.4.0/../../../../avr/lib/avrxmega6\libm.a(gesf2.o)
                              src/maskedChaoticEnc.o (__gtsf2)
d:/program files (x86)/atmel/studio/7.0/toolchain/avr8/avr8-gnu-toolchain/bin/../lib/gcc/avr/5.4.0/../../../../avr/lib/avrxmega6\libm.a(mulsf3.o)
                              src/maskedChaoticEnc.o (__mulsf3)
[...]
Memory Configuration

Name             Origin             Length             Attributes
text             0x00000000         0x00100000         xr
data             0x00802000         0x0000ffa0         rw !x
eeprom           0x00810000         0x00010000         rw !x
fuse             0x00820000         0x00000006         rw !x
lock             0x00830000         0x00000400         rw !x
signature        0x00840000         0x00000400         rw !x
user_signatures  0x00850000         0x00000400         rw !x
*default*        0x00000000         0xffffffff

Linker script and memory map

LOAD D:/Program Files (x86)/Atmel/Studio/7.0/Packs/atmel/XMEGAD_DFP/1.1.63/gcc/dev/atxmega128d4/avrxmega6/crtatxmega128d4.o
LOAD src/ASF/xmega/drivers/usart/usart.o
LOAD src/char_int.o
LOAD src/maskedChaoticEnc.o
LOAD src/ASF/common/services/sleepmgr/xmega/sleepmgr.o
LOAD src/ASF/common/services/serial/usart_serial.o
LOAD src/ASF/common/services/ioport/xmega/ioport_compat.o
LOAD src/ASF/common/services/clock/xmega/sysclk.o
LOAD src/ASF/xmega/drivers/tc/tc.o
LOAD src/ASF/xmega/drivers/cpu/ccp.o
LOAD src/ASF/common/boards/user_board/init.o
LOAD src/main.o
START GROUP
LOAD d:/program files (x86)/atmel/studio/7.0/toolchain/avr8/avr8-gnu-toolchain/bin/../lib/gcc/avr/5.4.0/../../../../avr/lib/avrxmega6\libm.a
END GROUP
START GROUP
LOAD d:/program files (x86)/atmel/studio/7.0/toolchain/avr8/avr8-gnu-toolchain/bin/../lib/gcc/avr/5.4.0/avrxmega6\libgcc.a
LOAD d:/program files (x86)/atmel/studio/7.0/toolchain/avr8/avr8-gnu-toolchain/bin/../lib/gcc/avr/5.4.0/../../../../avr/lib/avrxmega6\libm.a
LOAD d:/program files (x86)/atmel/studio/7.0/toolchain/avr8/avr8-gnu-toolchain/bin/../lib/gcc/avr/5.4.0/../../../../avr/lib/avrxmega6\libc.a
LOAD D:/Program Files (x86)/Atmel/Studio/7.0/Packs/atmel/XMEGAD_DFP/1.1.63/gcc/dev/atxmega128d4/avrxmega6\libatxmega128d4.a
END GROUP
                0x00100000                __TEXT_REGION_LENGTH__ = DEFINED (__TEXT_REGION_LENGTH__)?__TEXT_REGION_LENGTH__:0x100000
                0x0000ffa0                __DATA_REGION_LENGTH__ = DEFINED (__DATA_REGION_LENGTH__)?__DATA_REGION_LENGTH__:0xffa0
                0x00010000                __EEPROM_REGION_LENGTH__ = DEFINED (__EEPROM_REGION_LENGTH__)?__EEPROM_REGION_LENGTH__:0x10000
                [0x00000006]                __FUSE_REGION_LENGTH__ = DEFINED (__FUSE_REGION_LENGTH__)?__FUSE_REGION_LENGTH__:0x400
                0x00000400                __LOCK_REGION_LENGTH__ = DEFINED (__LOCK_REGION_LENGTH__)?__LOCK_REGION_LENGTH__:0x400
                0x00000400                __SIGNATURE_REGION_LENGTH__ = DEFINED (__SIGNATURE_REGION_LENGTH__)?__SIGNATURE_REGION_LENGTH__:0x400
                0x00000400                __USER_SIGNATURE_REGION_LENGTH__ = DEFINED (__USER_SIGNATURE_REGION_LENGTH__)?__USER_SIGNATURE_REGION_LENGTH__:0x400

.hash
 *(.hash)

.dynsym
 *(.dynsym)

.dynstr
 *(.dynstr)

.gnu.version
 *(.gnu.version)

.gnu.version_d
 *(.gnu.version_d)

.gnu.version_r
 *(.gnu.version_r)

.rel.init
 *(.rel.init)

.rela.init
 *(.rela.init)

.rel.text
 *(.rel.text)
 *(.rel.text.*)
 *(.rel.gnu.linkonce.t*)

.rela.text
 *(.rela.text)
 *(.rela.text.*)
 *(.rela.gnu.linkonce.t*)

.rel.fini
 *(.rel.fini)

.rela.fini
 *(.rela.fini)

.rel.rodata
 *(.rel.rodata)
 *(.rel.rodata.*)
 *(.rel.gnu.linkonce.r*)

.rela.rodata
 *(.rela.rodata)
 *(.rela.rodata.*)
 *(.rela.gnu.linkonce.r*)

.rel.data
 *(.rel.data)
 *(.rel.data.*)
 *(.rel.gnu.linkonce.d*)

.rela.data
 *(.rela.data)
 *(.rela.data.*)
 *(.rela.gnu.linkonce.d*)

.rel.ctors
 *(.rel.ctors)

.rela.ctors
 *(.rela.ctors)

.rel.dtors
 *(.rel.dtors)

.rela.dtors
 *(.rela.dtors)

.rel.got
 *(.rel.got)

.rela.got
 *(.rela.got)

.rel.bss
 *(.rel.bss)

.rela.bss
 *(.rela.bss)

.rel.plt
 *(.rel.plt)

.rela.plt
 *(.rela.plt)

.text           0x00000000     0x1c2c
 *(.vectors)
 .vectors       0x00000000      0x16c D:/Program Files (x86)/Atmel/Studio/7.0/Packs/atmel/XMEGAD_DFP/1.1.63/gcc/dev/atxmega128d4/avrxmega6/crtatxmega128d4.o
                0x00000000                __vector_default
                0x00000000                __vectors
 *(.vectors)
 *(.progmem.gcc*)
 .progmem.gcc_sw_table.catmap
                0x0000016c       0x20 src/maskedChaoticEnc.o
                0x0000018c                . = ALIGN (0x2)
                0x0000018c                __trampolines_start = .
 *(.trampolines)
 .trampolines   0x0000018c        0x0 linker stubs
 *(.trampolines*)
                0x0000018c                __trampolines_end = .
 *libprintf_flt.a:*(.progmem.data)
 *libc.a:*(.progmem.data)
 *(.progmem*)
                0x0000018c                . = ALIGN (0x2)
 *(.jumptables)
 *(.jumptables*)
 *(.lowtext)
 *(.lowtext*)
                0x0000018c                __ctors_start = .
 *(.ctors)
                0x0000018c                __ctors_end = .
                0x0000018c                __dtors_start = .
 *(.dtors)
                0x0000018c                __dtors_end = .
 SORT(*)(.ctors)
 SORT(*)(.dtors)
 *(.init0)
 .init0         0x0000018c        0x0 D:/Program Files (x86)/Atmel/Studio/7.0/Packs/atmel/XMEGAD_DFP/1.1.63/gcc/dev/atxmega128d4/avrxmega6/crtatxmega128d4.o
                0x0000018c                __init
 *(.init0)
 *(.init1)
 *(.init1)
 *(.init2)
 .init2         0x0000018c       0x10 D:/Program Files (x86)/Atmel/Studio/7.0/Packs/atmel/XMEGAD_DFP/1.1.63/gcc/dev/atxmega128d4/avrxmega6/crtatxmega128d4.o
 *(.init2)
 *(.init3)
 *(.init3)
 *(.init4)
 .init4         0x0000019c       0x1a d:/program files (x86)/atmel/studio/7.0/toolchain/avr8/avr8-gnu-toolchain/bin/../lib/gcc/avr/5.4.0/avrxmega6\libgcc.a(_copy_data.o)
                0x0000019c                __do_copy_data
 .init4         0x000001b6       0x10 d:/program files (x86)/atmel/studio/7.0/toolchain/avr8/avr8-gnu-toolchain/bin/../lib/gcc/avr/5.4.0/avrxmega6\libgcc.a(_clear_bss.o)
                0x000001b6                __do_clear_bss
 *(.init4)
 *(.init5)
 *(.init5)
 *(.init6)
 *(.init6)
 *(.init7)
 *(.init7)
 *(.init8)
 *(.init8)
 *(.init9)
 .init9         0x000001c6        0x8 D:/Program Files (x86)/Atmel/Studio/7.0/Packs/atmel/XMEGAD_DFP/1.1.63/gcc/dev/atxmega128d4/avrxmega6/crtatxmega128d4.o
 *(.init9)
 *(.text)
 .text          0x000001ce        0x2 D:/Program Files (x86)/Atmel/Studio/7.0/Packs/atmel/XMEGAD_DFP/1.1.63/gcc/dev/atxmega128d4/avrxmega6/crtatxmega128d4.o
                0x000001ce                __vector_38
                0x000001ce                __vector_63
                0x000001ce                __vector_28
                0x000001ce                __vector_67
                0x000001ce                __vector_1
                0x000001ce                __vector_32
                0x000001ce                __vector_75
                0x000001ce                __vector_71
                0x000001ce                __vector_34
                0x000001ce                __vector_62
                0x000001ce                __vector_24
                0x000001ce                __vector_12
                0x000001ce                __vector_55
                0x000001ce                __vector_69
                0x000001ce                __vector_90
                0x000001ce                __vector_46
                0x000001ce                __bad_interrupt
                0x000001ce                __vector_72
                0x000001ce                __vector_6
                0x000001ce                __vector_31
                0x000001ce                __vector_35
                0x000001ce                __vector_74
                0x000001ce                __vector_39
                0x000001ce                __vector_3
                0x000001ce                __vector_68
                0x000001ce                __vector_30
                0x000001ce                __vector_73
                0x000001ce                __vector_45
                0x000001ce                __vector_25
                0x000001ce                __vector_61
                0x000001ce                __vector_11
                0x000001ce                __vector_54
                0x000001ce                __vector_13
                0x000001ce                __vector_56
                0x000001ce                __vector_7
                0x000001ce                __vector_41
                0x000001ce                __vector_86
                0x000001ce                __vector_64
                0x000001ce                __vector_88
                0x000001ce                __vector_43
                0x000001ce                __vector_27
                0x000001ce                __vector_5
                0x000001ce                __vector_33
                0x000001ce                __vector_76
                0x000001ce                __vector_37
                0x000001ce                __vector_89
                0x000001ce                __vector_4
                0x000001ce                __vector_44
                0x000001ce                __vector_9
                0x000001ce                __vector_2
                0x000001ce                __vector_66
                0x000001ce                __vector_36
                0x000001ce                __vector_58
                0x000001ce                __vector_70
                0x000001ce                __vector_83
                0x000001ce                __vector_29
                0x000001ce                __vector_60
                0x000001ce                __vector_40
                0x000001ce                __vector_85
                0x000001ce                __vector_8
                0x000001ce                __vector_26
                0x000001ce                __vector_84
                0x000001ce                __vector_57
                0x000001ce                __vector_53
                0x000001ce                __vector_10
                0x000001ce                __vector_59
                0x000001ce                __vector_42
                0x000001ce                __vector_87
                0x000001ce                __vector_65
                0x000001d0                . = ALIGN (0x2)
 *(.text.*)
 .text.usart_putchar
                0x000001d0       0x10 src/ASF/xmega/drivers/usart/usart.o
                0x000001d0                usart_putchar
 .text.usart_getchar
                0x000001e0        0xc src/ASF/xmega/drivers/usart/usart.o
                0x000001e0                usart_getchar
 .text.usart_set_baudrate
                0x000001ec      0x226 src/ASF/xmega/drivers/usart/usart.o
                0x000001ec                usart_set_baudrate
 .text.usart_init_rs232
                0x00000412      0x144 src/ASF/xmega/drivers/usart/usart.o
                0x00000412                usart_init_rs232
 .text.hex_decode
                0x00000556       0x8a src/char_int.o
                0x00000556                hex_decode
 .text.hex_print
                0x000005e0       0x56 src/char_int.o
                0x000005e0                hex_print
 .text.roundKeyGen
                0x00000636      0x1b4 src/maskedChaoticEnc.o
                0x00000636                roundKeyGen
 .text.encryptionInit
                0x000007ea       0x10 src/maskedChaoticEnc.o
                0x000007ea                encryptionInit
 .text.addroundkey
                0x000007fa       0x1a src/maskedChaoticEnc.o
                0x000007fa                addroundkey
 .text.getboxvalue
                0x00000814       0x1c src/maskedChaoticEnc.o
                0x00000814                getboxvalue
 .text.XTIME    0x00000830       0x16 src/maskedChaoticEnc.o
                0x00000830                XTIME
 .text.multiply
                0x00000846       0x9c src/maskedChaoticEnc.o
                0x00000846                multiply
 .text.diffusionmodule
                0x000008e2       0x4e src/maskedChaoticEnc.o
                0x000008e2                diffusionmodule
 .text.catmap   0x00000930      0x15e src/maskedChaoticEnc.o
                0x00000930                catmap
 .text.encryption
                0x00000a8e       0x9a src/maskedChaoticEnc.o
                0x00000a8e                encryption
 .text.sysclk_init
                0x00000b28       0x6c src/ASF/common/services/clock/xmega/sysclk.o
                0x00000b28                sysclk_init
 .text.sysclk_enable_module
                0x00000b94       0x2c src/ASF/common/services/clock/xmega/sysclk.o
                0x00000b94                sysclk_enable_module
 .text.__vector_14
                0x00000bc0       0x5a src/ASF/xmega/drivers/tc/tc.o
                0x00000bc0                __vector_14
 .text.__vector_15
                0x00000c1a       0x5a src/ASF/xmega/drivers/tc/tc.o
                0x00000c1a                __vector_15
 .text.__vector_16
                0x00000c74       0x5a src/ASF/xmega/drivers/tc/tc.o
                0x00000c74                __vector_16
 .text.__vector_17
                0x00000cce       0x5a src/ASF/xmega/drivers/tc/tc.o
                0x00000cce                __vector_17
 .text.__vector_18
                0x00000d28       0x5a src/ASF/xmega/drivers/tc/tc.o
                0x00000d28                __vector_18
 .text.__vector_19
                0x00000d82       0x5a src/ASF/xmega/drivers/tc/tc.o
                0x00000d82                __vector_19
 .text.__vector_20
                0x00000ddc       0x5a src/ASF/xmega/drivers/tc/tc.o
                0x00000ddc                __vector_20
 .text.__vector_21
                0x00000e36       0x5a src/ASF/xmega/drivers/tc/tc.o
                0x00000e36                __vector_21
 .text.__vector_22
                0x00000e90       0x5a src/ASF/xmega/drivers/tc/tc.o
                0x00000e90                __vector_22
 .text.__vector_23
                0x00000eea       0x5a src/ASF/xmega/drivers/tc/tc.o
                0x00000eea                __vector_23
 .text.__vector_77
                0x00000f44       0x5a src/ASF/xmega/drivers/tc/tc.o
                0x00000f44                __vector_77
 .text.__vector_78
                0x00000f9e       0x5a src/ASF/xmega/drivers/tc/tc.o
                0x00000f9e                __vector_78
 .text.__vector_79
                0x00000ff8       0x5a src/ASF/xmega/drivers/tc/tc.o
                0x00000ff8                __vector_79
 .text.__vector_80
                0x00001052       0x5a src/ASF/xmega/drivers/tc/tc.o
                0x00001052                __vector_80
 .text.__vector_81
                0x000010ac       0x5a src/ASF/xmega/drivers/tc/tc.o
                0x000010ac                __vector_81
 .text.__vector_82
                0x00001106       0x5a src/ASF/xmega/drivers/tc/tc.o
                0x00001106                __vector_82
 .text.__vector_47
                0x00001160       0x5a src/ASF/xmega/drivers/tc/tc.o
                0x00001160                __vector_47
 .text.__vector_48
                0x000011ba       0x5a src/ASF/xmega/drivers/tc/tc.o
                0x000011ba                __vector_48
 .text.__vector_49
                0x00001214       0x5a src/ASF/xmega/drivers/tc/tc.o
                0x00001214                __vector_49
 .text.__vector_50
                0x0000126e       0x5a src/ASF/xmega/drivers/tc/tc.o
                0x0000126e                __vector_50
 .text.__vector_51
                0x000012c8       0x5a src/ASF/xmega/drivers/tc/tc.o
                0x000012c8                __vector_51
 .text.__vector_52
                0x00001322       0x5a src/ASF/xmega/drivers/tc/tc.o
                0x00001322                __vector_52
 .text.tc_enable
                0x0000137c       0xa0 src/ASF/xmega/drivers/tc/tc.o
                0x0000137c                tc_enable
 .text.ccp_write_io
                0x0000141c        0xc src/ASF/xmega/drivers/cpu/ccp.o
                0x0000141c                ccp_write_io
 .text.CWPlatInit
                0x00001428       0x8e src/main.o
                0x00001428                CWPlatInit
 .text.sendUint16
                0x000014b6      0x170 src/main.o
                0x000014b6                sendUint16
 .text.sendUint8
                0x00001626       0x40 src/main.o
                0x00001626                sendUint8
 .text.main     0x00001666      0x12c src/main.o
                0x00001666                main
 .text.avr-libc.fplib
                0x00001792        0xa d:/program files (x86)/atmel/studio/7.0/toolchain/avr8/avr8-gnu-toolchain/bin/../lib/gcc/avr/5.4.0/../../../../avr/lib/avrxmega6\libm.a(addsf3.o)
                0x00001792                __subsf3
                0x00001794                __addsf3
 .text.avr-libc.fplib
                0x0000179c       0xc0 d:/program files (x86)/atmel/studio/7.0/toolchain/avr8/avr8-gnu-toolchain/bin/../lib/gcc/avr/5.4.0/../../../../avr/lib/avrxmega6\libm.a(addsf3x.o)
                0x000017b6                __addsf3x
 .text.avr-libc.fplib
                0x0000185c        0x4 d:/program files (x86)/atmel/studio/7.0/toolchain/avr8/avr8-gnu-toolchain/bin/../lib/gcc/avr/5.4.0/../../../../avr/lib/avrxmega6\libm.a(divsf3.o)
                0x0000185c                __divsf3
 .text.avr-libc.fplib
                0x00001860       0xcc d:/program files (x86)/atmel/studio/7.0/toolchain/avr8/avr8-gnu-toolchain/bin/../lib/gcc/avr/5.4.0/../../../../avr/lib/avrxmega6\libm.a(divsf3x.o)
                0x00001876                __divsf3x
                0x0000187a                __divsf3_pse
 .text.avr-libc.fplib
                0x0000192c       0x58 d:/program files (x86)/atmel/studio/7.0/toolchain/avr8/avr8-gnu-toolchain/bin/../lib/gcc/avr/5.4.0/../../../../avr/lib/avrxmega6\libm.a(fixunssfsi.o)
                0x0000192c                __fixunssfsi
 .text.avr-libc.fplib
                0x00001984       0x7a d:/program files (x86)/atmel/studio/7.0/toolchain/avr8/avr8-gnu-toolchain/bin/../lib/gcc/avr/5.4.0/../../../../avr/lib/avrxmega6\libm.a(floatsisf.o)
                0x00001984                __floatunsisf
                0x00001988                __floatsisf
 .text.avr-libc.fplib
                0x000019fe       0x48 d:/program files (x86)/atmel/studio/7.0/toolchain/avr8/avr8-gnu-toolchain/bin/../lib/gcc/avr/5.4.0/../../../../avr/lib/avrxmega6\libm.a(fp_cmp.o)
                0x000019fe                __fp_cmp
 .text.avr-libc.fplib
                0x00001a46        0xc d:/program files (x86)/atmel/studio/7.0/toolchain/avr8/avr8-gnu-toolchain/bin/../lib/gcc/avr/5.4.0/../../../../avr/lib/avrxmega6\libm.a(fp_inf.o)
                0x00001a46                __fp_inf
 .text.avr-libc.fplib
                0x00001a52        0x6 d:/program files (x86)/atmel/studio/7.0/toolchain/avr8/avr8-gnu-toolchain/bin/../lib/gcc/avr/5.4.0/../../../../avr/lib/avrxmega6\libm.a(fp_nan.o)
                0x00001a52                __fp_nan
 .text.avr-libc.fplib
                0x00001a58        0xe d:/program files (x86)/atmel/studio/7.0/toolchain/avr8/avr8-gnu-toolchain/bin/../lib/gcc/avr/5.4.0/../../../../avr/lib/avrxmega6\libm.a(fp_pscA.o)
                0x00001a58                __fp_pscA
 .text.avr-libc.fplib
                0x00001a66        0xe d:/program files (x86)/atmel/studio/7.0/toolchain/avr8/avr8-gnu-toolchain/bin/../lib/gcc/avr/5.4.0/../../../../avr/lib/avrxmega6\libm.a(fp_pscB.o)
                0x00001a66                __fp_pscB
 .text.avr-libc.fplib
                0x00001a74       0x22 d:/program files (x86)/atmel/studio/7.0/toolchain/avr8/avr8-gnu-toolchain/bin/../lib/gcc/avr/5.4.0/../../../../avr/lib/avrxmega6\libm.a(fp_round.o)
                0x00001a74                __fp_round
 .text.avr-libc.fplib
                0x00001a96       0x44 d:/program files (x86)/atmel/studio/7.0/toolchain/avr8/avr8-gnu-toolchain/bin/../lib/gcc/avr/5.4.0/../../../../avr/lib/avrxmega6\libm.a(fp_split3.o)
                0x00001a96                __fp_split3
                0x00001aa6                __fp_splitA
 .text.avr-libc.fplib
                0x00001ada        0xe d:/program files (x86)/atmel/studio/7.0/toolchain/avr8/avr8-gnu-toolchain/bin/../lib/gcc/avr/5.4.0/../../../../avr/lib/avrxmega6\libm.a(fp_zero.o)
                0x00001ada                __fp_zero
                0x00001adc                __fp_szero
 .text.avr-libc.fplib
                0x00001ae8        0x8 d:/program files (x86)/atmel/studio/7.0/toolchain/avr8/avr8-gnu-toolchain/bin/../lib/gcc/avr/5.4.0/../../../../avr/lib/avrxmega6\libm.a(gesf2.o)
                0x00001ae8                __gesf2
                0x00001ae8                __gtsf2
 .text.avr-libc.fplib
                0x00001af0        0x4 d:/program files (x86)/atmel/studio/7.0/toolchain/avr8/avr8-gnu-toolchain/bin/../lib/gcc/avr/5.4.0/../../../../avr/lib/avrxmega6\libm.a(mulsf3.o)
                0x00001af0                __mulsf3
 .text.avr-libc.fplib
                0x00001af4       0xc2 d:/program files (x86)/atmel/studio/7.0/toolchain/avr8/avr8-gnu-toolchain/bin/../lib/gcc/avr/5.4.0/../../../../avr/lib/avrxmega6\libm.a(mulsf3x.o)
                0x00001b08                __mulsf3x
                0x00001b0c                __mulsf3_pse
 .text.libgcc.div
                0x00001bb6       0x44 d:/program files (x86)/atmel/studio/7.0/toolchain/avr8/avr8-gnu-toolchain/bin/../lib/gcc/avr/5.4.0/avrxmega6\libgcc.a(_udivmodsi4.o)
                0x00001bb6                __udivmodsi4
 .text.libgcc   0x00001bfa       0x10 d:/program files (x86)/atmel/studio/7.0/toolchain/avr8/avr8-gnu-toolchain/bin/../lib/gcc/avr/5.4.0/avrxmega6\libgcc.a(_tablejump2.o)
                0x00001bfa                __tablejump2__
 .text.libgcc.mul
                0x00001c0a       0x1e d:/program files (x86)/atmel/studio/7.0/toolchain/avr8/avr8-gnu-toolchain/bin/../lib/gcc/avr/5.4.0/avrxmega6\libgcc.a(_umulhisi3.o)
                0x00001c0a                __umulhisi3
                0x00001c28                . = ALIGN (0x2)
 *(.fini9)
 .fini9         0x00001c28        0x0 d:/program files (x86)/atmel/studio/7.0/toolchain/avr8/avr8-gnu-toolchain/bin/../lib/gcc/avr/5.4.0/avrxmega6\libgcc.a(_exit.o)
                0x00001c28                _exit
                0x00001c28                exit
 *(.fini9)
 *(.fini8)
 *(.fini8)
 *(.fini7)
 *(.fini7)
 *(.fini6)
 *(.fini6)
 *(.fini5)
 *(.fini5)
 *(.fini4)
 *(.fini4)
 *(.fini3)
 *(.fini3)
 *(.fini2)
 *(.fini2)
 *(.fini1)
 *(.fini1)
 *(.fini0)
 .fini0         0x00001c28        0x4 d:/program files (x86)/atmel/studio/7.0/toolchain/avr8/avr8-gnu-toolchain/bin/../lib/gcc/avr/5.4.0/avrxmega6\libgcc.a(_exit.o)
 *(.fini0)
                0x00001c2c                _etext = .

.data           0x00802000      0x118 load address 0x00001c2c
                0x00802000                PROVIDE (__data_start, .)
 *(.data)
 *(.data*)
 .data.hex_lookup
                0x00802000       0x10 src/char_int.o
                0x00802000                hex_lookup
 .data.sbox     0x00802010      0x100 src/maskedChaoticEnc.o
                0x00802010                sbox
 .data.usart_options.4889
                0x00802110        0x7 src/main.o
 *(.gnu.linkonce.d*)
 *(.rodata)
 *(.rodata*)
 *(.gnu.linkonce.r*)
                0x00802118                . = ALIGN (0x2)
 *fill*         0x00802117        0x1 
                0x00802118                _edata = .
                0x00802118                PROVIDE (__data_end, .)

.bss            0x00802118      0x12a
                0x00802118                PROVIDE (__bss_start, .)
 *(.bss)
 *(.bss*)
 .bss.seed      0x00802118        0x4 src/maskedChaoticEnc.o
                0x00802118                seed
 .bss.tc_tce0_ccd_callback
                0x0080211c        0x2 src/ASF/xmega/drivers/tc/tc.o
 .bss.tc_tce0_ccc_callback
                0x0080211e        0x2 src/ASF/xmega/drivers/tc/tc.o
 .bss.tc_tce0_ccb_callback
                0x00802120        0x2 src/ASF/xmega/drivers/tc/tc.o
 .bss.tc_tce0_cca_callback
                0x00802122        0x2 src/ASF/xmega/drivers/tc/tc.o
 .bss.tc_tce0_err_callback
                0x00802124        0x2 src/ASF/xmega/drivers/tc/tc.o
 .bss.tc_tce0_ovf_callback
                0x00802126        0x2 src/ASF/xmega/drivers/tc/tc.o
 .bss.tc_tcd0_ccd_callback
                0x00802128        0x2 src/ASF/xmega/drivers/tc/tc.o
 .bss.tc_tcd0_ccc_callback
                0x0080212a        0x2 src/ASF/xmega/drivers/tc/tc.o
 .bss.tc_tcd0_ccb_callback
                0x0080212c        0x2 src/ASF/xmega/drivers/tc/tc.o
 .bss.tc_tcd0_cca_callback
                0x0080212e        0x2 src/ASF/xmega/drivers/tc/tc.o
 .bss.tc_tcd0_err_callback
                0x00802130        0x2 src/ASF/xmega/drivers/tc/tc.o
 .bss.tc_tcd0_ovf_callback
                0x00802132        0x2 src/ASF/xmega/drivers/tc/tc.o
 .bss.tc_tcc1_ccb_callback
                0x00802134        0x2 src/ASF/xmega/drivers/tc/tc.o
 .bss.tc_tcc1_cca_callback
                0x00802136        0x2 src/ASF/xmega/drivers/tc/tc.o
 .bss.tc_tcc1_err_callback
                0x00802138        0x2 src/ASF/xmega/drivers/tc/tc.o
 .bss.tc_tcc1_ovf_callback
                0x0080213a        0x2 src/ASF/xmega/drivers/tc/tc.o
 .bss.tc_tcc0_ccd_callback
                0x0080213c        0x2 src/ASF/xmega/drivers/tc/tc.o
 .bss.tc_tcc0_ccc_callback
                0x0080213e        0x2 src/ASF/xmega/drivers/tc/tc.o
 .bss.tc_tcc0_ccb_callback
                0x00802140        0x2 src/ASF/xmega/drivers/tc/tc.o
 .bss.tc_tcc0_cca_callback
                0x00802142        0x2 src/ASF/xmega/drivers/tc/tc.o
 .bss.tc_tcc0_err_callback
                0x00802144        0x2 src/ASF/xmega/drivers/tc/tc.o
 .bss.tc_tcc0_ovf_callback
                0x00802146        0x2 src/ASF/xmega/drivers/tc/tc.o
 *(COMMON)
 COMMON         0x00802148       0x54 src/maskedChaoticEnc.o
                0x00802148                RDKey
                0x00802178                intermediate
                0x00802188                s_mask_1
                0x00802189                add_mask
                0x00802199                mul_mask_2
                0x0080219a                s_mask_2
                0x0080219b                mul_mask_1
 COMMON         0x0080219c        0x6 src/ASF/common/services/sleepmgr/xmega/sleepmgr.o
                0x0080219c                sleepmgr_locks
 COMMON         0x008021a2       0xa0 src/main.o
                0x008021a2                asciibuf
                0x008021e2                pt
                0x008021f2                memory
                0x00802232                key
                0x00802242                PROVIDE (__bss_end, .)
                0x00001c2c                __data_load_start = LOADADDR (.data)
                0x00001d44                __data_load_end = (__data_load_start + SIZEOF (.data))

.noinit         0x00802242        0x0
                [!provide]                PROVIDE (__noinit_start, .)
 *(.noinit*)
                [!provide]                PROVIDE (__noinit_end, .)
                0x00802242                _end = .
                [!provide]                PROVIDE (__heap_start, .)

.eeprom         0x00810000        0x0
 *(.eeprom*)
                0x00810000                __eeprom_end = .

.fuse
 *(.fuse)
 *(.lfuse)
 *(.hfuse)
 *(.efuse)

.lock
 *(.lock*)

.signature
 *(.signature*)

.user_signatures
 *(.user_signatures*)

.stab
 *(.stab)

.stabstr
 *(.stabstr)

.stab.excl
 *(.stab.excl)

.stab.exclstr
 *(.stab.exclstr)

.stab.index
 *(.stab.index)

.stab.indexstr
 *(.stab.indexstr)

.comment        0x00000000       0x30
 *(.comment)
 .comment       0x00000000       0x30 src/ASF/xmega/drivers/usart/usart.o
                                 0x31 (size before relaxing)
 .comment       0x00000030       0x31 src/char_int.o
 .comment       0x00000030       0x31 src/maskedChaoticEnc.o
 .comment       0x00000030       0x31 src/ASF/common/services/sleepmgr/xmega/sleepmgr.o
 .comment       0x00000030       0x31 src/ASF/common/services/clock/xmega/sysclk.o
 .comment       0x00000030       0x31 src/ASF/xmega/drivers/tc/tc.o
 .comment       0x00000030       0x31 src/main.o

.note.gnu.avr.deviceinfo
                0x00000000       0x40
 .note.gnu.avr.deviceinfo
                0x00000000       0x40 D:/Program Files (x86)/Atmel/Studio/7.0/Packs/atmel/XMEGAD_DFP/1.1.63/gcc/dev/atxmega128d4/avrxmega6/crtatxmega128d4.o

.note.gnu.build-id
 *(.note.gnu.build-id)

.debug
 *(.debug)

.line
 *(.line)

.debug_srcinfo
 *(.debug_srcinfo)

.debug_sfnames
 *(.debug_sfnames)

.debug_aranges  0x00000000      0x290
 *(.debug_aranges)
 .debug_aranges
                0x00000000       0x58 src/ASF/xmega/drivers/usart/usart.o
 .debug_aranges
                0x00000058       0x28 src/char_int.o
 .debug_aranges
                0x00000080       0x68 src/maskedChaoticEnc.o
 .debug_aranges
                0x000000e8       0x18 src/ASF/common/services/sleepmgr/xmega/sleepmgr.o
 .debug_aranges
                0x00000100       0x30 src/ASF/common/services/clock/xmega/sysclk.o
 .debug_aranges
                0x00000130      0x108 src/ASF/xmega/drivers/tc/tc.o
 .debug_aranges
                0x00000238       0x20 src/ASF/xmega/drivers/cpu/ccp.o
 .debug_aranges
                0x00000258       0x38 src/main.o

.debug_pubnames
 *(.debug_pubnames)

.debug_info     0x00000000     0x850d
 *(.debug_info .gnu.linkonce.wi.*)
 .debug_info    0x00000000     0x2071 D:/Program Files (x86)/Atmel/Studio/7.0/Packs/atmel/XMEGAD_DFP/1.1.63/gcc/dev/atxmega128d4/avrxmega6/crtatxmega128d4.o
 .debug_info    0x00002071     0x25b9 src/ASF/xmega/drivers/usart/usart.o
 .debug_info    0x0000462a      0x1a3 src/char_int.o
 .debug_info    0x000047cd      0x6a2 src/maskedChaoticEnc.o
 .debug_info    0x00004e6f      0x129 src/ASF/common/services/sleepmgr/xmega/sleepmgr.o
 .debug_info    0x00004f98      0x66f src/ASF/common/services/clock/xmega/sysclk.o
 .debug_info    0x00005607     0x15d7 src/ASF/xmega/drivers/tc/tc.o
 .debug_info    0x00006bde       0x92 src/ASF/xmega/drivers/cpu/ccp.o
 .debug_info    0x00006c70     0x189d src/main.o

.debug_abbrev   0x00000000     0x2e81
 *(.debug_abbrev)
 .debug_abbrev  0x00000000     0x1eb8 D:/Program Files (x86)/Atmel/Studio/7.0/Packs/atmel/XMEGAD_DFP/1.1.63/gcc/dev/atxmega128d4/avrxmega6/crtatxmega128d4.o
 .debug_abbrev  0x00001eb8      0x411 src/ASF/xmega/drivers/usart/usart.o
 .debug_abbrev  0x000022c9       0xdf src/char_int.o
 .debug_abbrev  0x000023a8      0x21a src/maskedChaoticEnc.o
 .debug_abbrev  0x000025c2       0x84 src/ASF/common/services/sleepmgr/xmega/sleepmgr.o
 .debug_abbrev  0x00002646      0x20b src/ASF/common/services/clock/xmega/sysclk.o
 .debug_abbrev  0x00002851      0x29b src/ASF/xmega/drivers/tc/tc.o
 .debug_abbrev  0x00002aec       0x14 src/ASF/xmega/drivers/cpu/ccp.o
 .debug_abbrev  0x00002b00      0x381 src/main.o

.debug_line     0x00000000     0x3403
 *(.debug_line .debug_line.* .debug_line_end)
 .debug_line    0x00000000      0x2c5 D:/Program Files (x86)/Atmel/Studio/7.0/Packs/atmel/XMEGAD_DFP/1.1.63/gcc/dev/atxmega128d4/avrxmega6/crtatxmega128d4.o
 .debug_line    0x000002c5      0xafd src/ASF/xmega/drivers/usart/usart.o
 .debug_line    0x00000dc2      0x155 src/char_int.o
 .debug_line    0x00000f17      0x414 src/maskedChaoticEnc.o
 .debug_line    0x0000132b      0x455 src/ASF/common/services/sleepmgr/xmega/sleepmgr.o
 .debug_line    0x00001780      0x5e6 src/ASF/common/services/clock/xmega/sysclk.o
 .debug_line    0x00001d66      0xbd1 src/ASF/xmega/drivers/tc/tc.o
 .debug_line    0x00002937       0x6e src/ASF/xmega/drivers/cpu/ccp.o
 .debug_line    0x000029a5      0xa5e src/main.o

.debug_frame    0x00000000      0xd08
 *(.debug_frame)
 .debug_frame   0x00000000      0x14c src/ASF/xmega/drivers/usart/usart.o
 .debug_frame   0x0000014c       0x60 src/char_int.o
 .debug_frame   0x000001ac      0x1fc src/maskedChaoticEnc.o
 .debug_frame   0x000003a8       0x74 src/ASF/common/services/clock/xmega/sysclk.o
 .debug_frame   0x0000041c      0x854 src/ASF/xmega/drivers/tc/tc.o
 .debug_frame   0x00000c70       0x98 src/main.o

.debug_str      0x00000000    0x26f49
 *(.debug_str)
 .debug_str     0x00000000     0x1561 D:/Program Files (x86)/Atmel/Studio/7.0/Packs/atmel/XMEGAD_DFP/1.1.63/gcc/dev/atxmega128d4/avrxmega6/crtatxmega128d4.o
 .debug_str     0x00001561    0x23e04 src/ASF/xmega/drivers/usart/usart.o
                              0x24429 (size before relaxing)
 .debug_str     0x00025365      0x796 src/char_int.o
                               0x368a (size before relaxing)
 .debug_str     0x00025afb      0x12c src/maskedChaoticEnc.o
                               0x342b (size before relaxing)
 .debug_str     0x00025c27      0x3d4 src/ASF/common/services/sleepmgr/xmega/sleepmgr.o
                              0x21e7a (size before relaxing)
 .debug_str     0x00025ffb      0x156 src/ASF/common/services/clock/xmega/sysclk.o
                              0x23116 (size before relaxing)
 .debug_str     0x00026151      0x58d src/ASF/xmega/drivers/tc/tc.o
                              0x23a9f (size before relaxing)
 .debug_str     0x000266de      0x86b src/main.o
                              0x248c5 (size before relaxing)

.debug_loc      0x00000000     0x3794
 *(.debug_loc)
 .debug_loc     0x00000000      0xd94 src/ASF/xmega/drivers/usart/usart.o
 .debug_loc     0x00000d94      0x268 src/char_int.o
 .debug_loc     0x00000ffc      0xb76 src/maskedChaoticEnc.o
 .debug_loc     0x00001b72      0x249 src/ASF/common/services/clock/xmega/sysclk.o
 .debug_loc     0x00001dbb     0x12dc src/ASF/xmega/drivers/tc/tc.o
 .debug_loc     0x00003097      0x6fd src/main.o

.debug_macinfo
 *(.debug_macinfo)

.debug_weaknames
 *(.debug_weaknames)

.debug_funcnames
 *(.debug_funcnames)

.debug_typenames
 *(.debug_typenames)

.debug_varnames
 *(.debug_varnames)

.debug_pubtypes
 *(.debug_pubtypes)

.debug_ranges   0x00000000      0x260
 *(.debug_ranges)
 .debug_ranges  0x00000000       0x80 src/ASF/xmega/drivers/usart/usart.o
 .debug_ranges  0x00000080       0x18 src/char_int.o
 .debug_ranges  0x00000098       0x58 src/maskedChaoticEnc.o
 .debug_ranges  0x000000f0       0x20 src/ASF/common/services/clock/xmega/sysclk.o
 .debug_ranges  0x00000110       0xf8 src/ASF/xmega/drivers/tc/tc.o
 .debug_ranges  0x00000208       0x58 src/main.o

.debug_macro    0x00000000     0x84f4
 *(.debug_macro)
 .debug_macro   0x00000000      0x22e src/ASF/xmega/drivers/usart/usart.o
 .debug_macro   0x0000022e      0xa7e src/ASF/xmega/drivers/usart/usart.o
 .debug_macro   0x00000cac      0x1c9 src/ASF/xmega/drivers/usart/usart.o
 .debug_macro   0x00000e75       0x10 src/ASF/xmega/drivers/usart/usart.o
 .debug_macro   0x00000e85      0x302 src/ASF/xmega/drivers/usart/usart.o
 .debug_macro   0x00001187       0x9e src/ASF/xmega/drivers/usart/usart.o
 .debug_macro   0x00001225     0x4380 src/ASF/xmega/drivers/usart/usart.o
 .debug_macro   0x000055a5       0x9a src/ASF/xmega/drivers/usart/usart.o
 .debug_macro   0x0000563f       0xf1 src/ASF/xmega/drivers/usart/usart.o
 .debug_macro   0x00005730       0x34 src/ASF/xmega/drivers/usart/usart.o
 .debug_macro   0x00005764       0x16 src/ASF/xmega/drivers/usart/usart.o
 .debug_macro   0x0000577a       0x18 src/ASF/xmega/drivers/usart/usart.o
 .debug_macro   0x00005792       0x5e src/ASF/xmega/drivers/usart/usart.o
 .debug_macro   0x000057f0       0x10 src/ASF/xmega/drivers/usart/usart.o
 .debug_macro   0x00005800       0x22 src/ASF/xmega/drivers/usart/usart.o
 .debug_macro   0x00005822      0x16d src/ASF/xmega/drivers/usart/usart.o
 .debug_macro   0x0000598f       0x1c src/ASF/xmega/drivers/usart/usart.o
 .debug_macro   0x000059ab       0x35 src/ASF/xmega/drivers/usart/usart.o
 .debug_macro   0x000059e0       0x66 src/ASF/xmega/drivers/usart/usart.o
 .debug_macro   0x00005a46      0x6c2 src/ASF/xmega/drivers/usart/usart.o
 .debug_macro   0x00006108       0x97 src/ASF/xmega/drivers/usart/usart.o
 .debug_macro   0x0000619f       0x17 src/ASF/xmega/drivers/usart/usart.o
 .debug_macro   0x000061b6      0x250 src/ASF/xmega/drivers/usart/usart.o
 .debug_macro   0x00006406       0x76 src/ASF/xmega/drivers/usart/usart.o
 .debug_macro   0x0000647c       0x16 src/ASF/xmega/drivers/usart/usart.o
 .debug_macro   0x00006492      0x6e3 src/ASF/xmega/drivers/usart/usart.o
 .debug_macro   0x00006b75       0x10 src/ASF/xmega/drivers/usart/usart.o
 .debug_macro   0x00006b85      0x175 src/ASF/xmega/drivers/usart/usart.o
 .debug_macro   0x00006cfa       0x40 src/ASF/xmega/drivers/usart/usart.o
 .debug_macro   0x00006d3a       0x69 src/ASF/xmega/drivers/usart/usart.o
 .debug_macro   0x00006da3       0x32 src/ASF/xmega/drivers/usart/usart.o
 .debug_macro   0x00006dd5       0xe4 src/ASF/xmega/drivers/usart/usart.o
 .debug_macro   0x00006eb9       0x34 src/ASF/xmega/drivers/usart/usart.o
 .debug_macro   0x00006eed       0x34 src/ASF/xmega/drivers/usart/usart.o
 .debug_macro   0x00006f21      0x2c6 src/ASF/xmega/drivers/usart/usart.o
 .debug_macro   0x000071e7       0x7d src/ASF/xmega/drivers/usart/usart.o
 .debug_macro   0x00007264       0x2f src/ASF/xmega/drivers/usart/usart.o
 .debug_macro   0x00007293      0x13f src/ASF/xmega/drivers/usart/usart.o
 .debug_macro   0x000073d2       0x7c src/ASF/xmega/drivers/usart/usart.o
 .debug_macro   0x0000744e      0x109 src/ASF/xmega/drivers/usart/usart.o
 .debug_macro   0x00007557       0x1a src/char_int.o
 .debug_macro   0x00007571      0x34e src/char_int.o
 .debug_macro   0x000078bf       0x34 src/maskedChaoticEnc.o
 .debug_macro   0x000078f3      0x1a3 src/ASF/common/services/sleepmgr/xmega/sleepmgr.o
 .debug_macro   0x00007a96      0x2fc src/ASF/common/services/sleepmgr/xmega/sleepmgr.o
 .debug_macro   0x00007d92       0x10 src/ASF/common/services/sleepmgr/xmega/sleepmgr.o
 .debug_macro   0x00007da2       0x42 src/ASF/common/services/sleepmgr/xmega/sleepmgr.o
 .debug_macro   0x00007de4      0x1dd src/ASF/common/services/clock/xmega/sysclk.o
 .debug_macro   0x00007fc1      0x230 src/ASF/xmega/drivers/tc/tc.o
 .debug_macro   0x000081f1       0x12 src/ASF/xmega/drivers/tc/tc.o
 .debug_macro   0x00008203      0x2f1 src/main.o
OUTPUT(CWChaoticWithoutProtect.elf elf32-avr)
LOAD linker stubs
